apiVersion: v1
kind: ServiceAccount
metadata:
  name: image-config-openshift-io-mgr
  namespace: openshift-config
---
apiVersion: rbac.authorization.k8s.io/v1
kind: ClusterRole
metadata:
  name: openshift-config:image-config-openshift-io-mgr
rules:
  - apiGroups:
      - config.openshift.io
    resourceNames:
      - cluster
    resources:
      - images
    verbs:
      - '*'
---
apiVersion: rbac.authorization.k8s.io/v1
kind: ClusterRoleBinding
metadata:
  name: openshift-config:image-config-openshift-io-mgr
roleRef:
  apiGroup: rbac.authorization.k8s.io
  kind: ClusterRole
  name: openshift-config:image-config-openshift-io-mgr
subjects:
  - kind: ServiceAccount
    name: image-config-openshift-io-mgr
    namespace: openshift-config
---
apiVersion: espejote.io/v1alpha1
kind: ManagedResource
metadata:
  labels:
    app.kubernetes.io/name: image-config-openshift-io-mgr
  name: image-config-openshift-io-mgr
  namespace: openshift-config
spec:
  applyOptions:
    force: true
  serviceAccountRef:
    name: image-config-openshift-io-mgr
  template: |-
    {
        "apiVersion": "config.openshift.io/v1",
        "kind": "Image",
        "metadata": {
            "name": "cluster"
        },
        "spec": {
            "allowedRegistriesForImport": [
                {
                    "domainName": "ghcr.io"
                }
            ]
        }
    }
  triggers:
    - name: target
      watchResource:
        apiVersion: config.openshift.io/v1
        kind: Image
        name: cluster
