apiVersion: rbac.authorization.k8s.io/v1
kind: ClusterRoleBinding
metadata:
  name: espejote-metrics-auth-rolebinding
roleRef:
  apiGroup: rbac.authorization.k8s.io
  kind: ClusterRole
  name: espejote-metrics-auth-role
subjects:
- kind: ServiceAccount
  name: espejote-controller-manager
  namespace: syn-espejote
