apiVersion: v1
kind: Service
metadata:
  labels:
    app.kubernetes.io/component: kube-rbac-proxy
    app.kubernetes.io/created-by: espejote
    app.kubernetes.io/instance: controller-manager-metrics-service
    app.kubernetes.io/managed-by: kustomize
    app.kubernetes.io/name: service
    app.kubernetes.io/part-of: espejote
    control-plane: controller-manager
  name: espejote-controller-manager-metrics-service
  namespace: syn-espejote
spec:
  ports:
  - name: https
    port: 8443
    protocol: TCP
    targetPort: https
  selector:
    control-plane: controller-manager
