apiVersion: rbac.authorization.k8s.io/v1
kind: ClusterRole
metadata:
  labels:
    app.kubernetes.io/name: espejote-crds-cluster-reader
    rbac.authorization.k8s.io/aggregate-to-cluster-reader: 'true'
  name: espejote-crds-cluster-reader
rules:
  - apiGroups:
      - espejote.io
    resources:
      - '*'
    verbs:
      - get
      - list
      - watch
