apiVersion: espejote.io/v1alpha1
kind: JsonnetLibrary
metadata:
  labels:
    app.kubernetes.io/name: my-lib
  name: my-lib
  namespace: my-namespace
spec:
  foo: bar
