apiVersion: rbac.authorization.k8s.io/v1
kind: RoleBinding
metadata:
  labels:
    app.kubernetes.io/name: espejote:supplemental:admin:my-namespace:espejote-copy-secret
  name: espejote:supplemental:admin:my-namespace:espejote-copy-secret
  namespace: syn-espejote
roleRef:
  apiGroup: rbac.authorization.k8s.io
  kind: Role
  name: admin
subjects:
  - kind: ServiceAccount
    name: espejote-copy-secret
    namespace: my-namespace
---
apiVersion: rbac.authorization.k8s.io/v1
kind: RoleBinding
metadata:
  labels:
    app.kubernetes.io/name: espejote:supplemental:argocd-manager:my-namespace:espejote-copy-secret
  name: espejote:supplemental:argocd-manager:my-namespace:espejote-copy-secret
  namespace: syn-espejote
roleRef:
  apiGroup: rbac.authorization.k8s.io
  kind: Role
  name: argocd-manager
subjects:
  - kind: ServiceAccount
    name: espejote-copy-secret
    namespace: my-namespace
