apiVersion: rbac.authorization.k8s.io/v1
kind: Role
metadata:
  labels:
    app.kubernetes.io/name: espejote-supplemental-my-namespace-auto-roles-1-espejote-update-configmaps
  name: espejote:supplemental:my-namespace:auto-roles-1:espejote-update-configmaps
  namespace: my-namespace
rules:
  - apiGroups:
      - ''
    resources:
      - configmaps
    verbs:
      - patch
      - delete
      - create
---
apiVersion: rbac.authorization.k8s.io/v1
kind: RoleBinding
metadata:
  labels:
    app.kubernetes.io/name: espejote-supplemental-espejote-update-configmaps-espejote-auto-roles-1
  name: espejote:supplemental:espejote-update-configmaps:espejote-auto-roles-1
  namespace: my-namespace
roleRef:
  apiGroup: rbac.authorization.k8s.io
  kind: Role
  name: espejote:supplemental:my-namespace:auto-roles-1:espejote-update-configmaps
subjects:
  - kind: ServiceAccount
    name: espejote-auto-roles-1
    namespace: my-namespace
