apiVersion: rbac.authorization.k8s.io/v1
kind: ClusterRole
metadata:
  labels:
    app.kubernetes.io/name: espejote-supplemental-my-namespace-copy-configmap-namespace
  name: espejote:supplemental:my-namespace:copy-configmap:namespace
rules:
  - apiGroups:
      - ''
    resources:
      - namespaces
    verbs:
      - list
---
apiVersion: rbac.authorization.k8s.io/v1
kind: ClusterRoleBinding
metadata:
  labels:
    app.kubernetes.io/name: espejote-supplemental-namespace-my-namespace-espejote-copy-configmap
  name: espejote:supplemental:namespace:my-namespace:espejote-copy-configmap
roleRef:
  apiGroup: rbac.authorization.k8s.io
  kind: Role
  name: espejote:supplemental:my-namespace:copy-configmap:namespace
subjects:
  - kind: ServiceAccount
    name: espejote-copy-configmap
    namespace: my-namespace
