apiVersion: espejote.io/v1alpha1
kind: ManagedResource
metadata:
  labels:
    app.kubernetes.io/name: autoroles2
  name: autoroles2
  namespace: my-namespace
spec:
  context:
    - name: namespaces
      resource:
        apiVersion: v1
        kind: Namespace
        labelSelector:
          matchExpressions:
            - key: managedresource-sample.espejote.io/inject-cm
              operator: Exists
    - name: configmap
      resource:
        apiVersion: v1
        kind: ConfigMap
  serviceAccountRef:
    name: espejote:autoroles2
  triggers:
    - name: configmap
      watchResource:
        apiVersion: v1
        kind: ConfigMap
        name: cm-to-inject
    - name: secret
      watchResource:
        apiVersion: v1
        kind: Secret
        namespace: my-namespace
    - name: pod
      watchResource:
        apiVersion: v1
        kind: Pod
        namespace: other-namespace
---
apiVersion: v1
kind: ServiceAccount
metadata:
  labels:
    app.kubernetes.io/name: espejote:autoroles2
    managedresource.espejote.io/name: autoroles2
  name: espejote:autoroles2
  namespace: my-namespace
---
apiVersion: rbac.authorization.k8s.io/v1
kind: Role
metadata:
  labels:
    app.kubernetes.io/name: espejote:autoroles2:context:d7e965a7dc42938
    managedresource.espejote.io/name: autoroles2
  name: espejote:autoroles2:context:d7e965a7dc42938
  namespace: my-namespace
rules:
  - apiGroups:
      - v1
    resources:
      - configmap
    verbs:
      - get
      - list
      - watch
---
apiVersion: rbac.authorization.k8s.io/v1
kind: ClusterRole
metadata:
  labels:
    app.kubernetes.io/name: espejote:my-namespace:autoroles2:context:4814288a3189562
    managedresource.espejote.io/name: autoroles2
    managedresource.espejote.io/namespace: my-namespace
  name: espejote:my-namespace:autoroles2:context:4814288a3189562
rules:
  - apiGroups:
      - v1
    resources:
      - namespace
    verbs:
      - get
      - list
      - watch
---
apiVersion: rbac.authorization.k8s.io/v1
kind: RoleBinding
metadata:
  labels:
    app.kubernetes.io/name: espejote:autoroles2:context:fab1a4e8ec3e7da
    managedresource.espejote.io/name: autoroles2
  name: espejote:autoroles2:context:fab1a4e8ec3e7da
  namespace: my-namespace
roleRef:
  apiGroup: rbac.authorization.k8s.io
  kind: Role
  name: espejote:autoroles2:context:d7e965a7dc42938
subjects:
  - kind: ServiceAccount
    name: espejote:autoroles2
    namespace: my-namespace
---
apiVersion: rbac.authorization.k8s.io/v1
kind: ClusterRoleBinding
metadata:
  labels:
    app.kubernetes.io/name: espejote:my-namespace:autoroles2:context:e506a4d83bb5393
    managedresource.espejote.io/name: autoroles2
    managedresource.espejote.io/namespace: my-namespace
  name: espejote:my-namespace:autoroles2:context:e506a4d83bb5393
roleRef:
  apiGroup: rbac.authorization.k8s.io
  kind: ClusterRole
  name: espejote:my-namespace:autoroles2:context:4814288a3189562
subjects:
  - kind: ServiceAccount
    name: espejote:autoroles2
    namespace: my-namespace
---
apiVersion: rbac.authorization.k8s.io/v1
kind: Role
metadata:
  labels:
    app.kubernetes.io/name: espejote:autoroles2:trigger:26c6ee2838eda03
    managedresource.espejote.io/name: autoroles2
  name: espejote:autoroles2:trigger:26c6ee2838eda03
  namespace: my-namespace
rules:
  - apiGroups:
      - v1
    resources:
      - configmap
    verbs:
      - get
      - list
      - watch
  - apiGroups:
      - v1
    resources:
      - secret
    verbs:
      - get
      - list
      - watch
---
apiVersion: rbac.authorization.k8s.io/v1
kind: Role
metadata:
  labels:
    app.kubernetes.io/name: espejote:my-namespace:autoroles2:trigger:866cfc8998dbab1
    managedresource.espejote.io/name: autoroles2
    managedresource.espejote.io/namespace: my-namespace
  name: espejote:my-namespace:autoroles2:trigger:866cfc8998dbab1
  namespace: other-namespace
rules:
  - apiGroups:
      - v1
    resources:
      - pod
    verbs:
      - get
      - list
      - watch
---
apiVersion: rbac.authorization.k8s.io/v1
kind: RoleBinding
metadata:
  labels:
    app.kubernetes.io/name: espejote:autoroles2:trigger:1276a47bbe27737
    managedresource.espejote.io/name: autoroles2
  name: espejote:autoroles2:trigger:1276a47bbe27737
  namespace: my-namespace
roleRef:
  apiGroup: rbac.authorization.k8s.io
  kind: Role
  name: espejote:autoroles2:trigger:26c6ee2838eda03
subjects:
  - kind: ServiceAccount
    name: espejote:autoroles2
    namespace: my-namespace
---
apiVersion: rbac.authorization.k8s.io/v1
kind: RoleBinding
metadata:
  labels:
    app.kubernetes.io/name: espejote:my-namespace:autoroles2:trigger:62575deebdd5edd
    managedresource.espejote.io/name: autoroles2
    managedresource.espejote.io/namespace: my-namespace
  name: espejote:my-namespace:autoroles2:trigger:62575deebdd5edd
  namespace: other-namespace
roleRef:
  apiGroup: rbac.authorization.k8s.io
  kind: Role
  name: espejote:my-namespace:autoroles2:trigger:866cfc8998dbab1
subjects:
  - kind: ServiceAccount
    name: espejote:autoroles2
    namespace: my-namespace
