apiVersion: espejote.io/v1alpha1
kind: ManagedResource
metadata:
  labels:
    app.kubernetes.io/name: autoroles1
  name: autoroles1
  namespace: my-namespace
spec:
  context: []
  serviceAccountRef:
    name: espejote:autoroles1
  triggers:
    - interval: 10s
      name: timer
    - name: namespace
      watchResource:
        apiVersion: v1
        kind: Namespace
        labelSelector:
          matchExpressions:
            - key: managedresource-sample.espejote.io/inject-cm
              operator: Exists
    - name: configmap
      watchResource:
        apiVersion: v1
        kind: ConfigMap
        name: cm-to-inject
        namespace: ''
---
apiVersion: v1
kind: ServiceAccount
metadata:
  labels:
    app.kubernetes.io/name: espejote:autoroles1
    managedresource.espejote.io/name: autoroles1
  name: espejote:autoroles1
  namespace: my-namespace
---
apiVersion: rbac.authorization.k8s.io/v1
kind: ClusterRole
metadata:
  labels:
    app.kubernetes.io/name: espejote:my-namespace:autoroles1:trigger:113ce796c5401b1
    managedresource.espejote.io/name: autoroles1
    managedresource.espejote.io/namespace: my-namespace
  name: espejote:my-namespace:autoroles1:trigger:113ce796c5401b1
rules:
  - apiGroups:
      - v1
    resources:
      - configmap
    verbs:
      - get
      - list
      - watch
  - apiGroups:
      - v1
    resources:
      - namespace
    verbs:
      - get
      - list
      - watch
---
apiVersion: rbac.authorization.k8s.io/v1
kind: ClusterRoleBinding
metadata:
  labels:
    app.kubernetes.io/name: espejote:my-namespace:autoroles1:trigger:3795b1bc94926e3
    managedresource.espejote.io/name: autoroles1
    managedresource.espejote.io/namespace: my-namespace
  name: espejote:my-namespace:autoroles1:trigger:3795b1bc94926e3
roleRef:
  apiGroup: rbac.authorization.k8s.io
  kind: ClusterRole
  name: espejote:my-namespace:autoroles1:trigger:113ce796c5401b1
subjects:
  - kind: ServiceAccount
    name: espejote:autoroles1
    namespace: my-namespace
