apiVersion: espejote.io/v1alpha1
kind: ManagedResource
metadata:
  labels:
    app.kubernetes.io/name: with-sa-in-spec
  name: with-sa-in-spec
  namespace: syn-espejote
spec:
  foo: bar
  serviceAccountRef:
    name: sa-in-spec
---
apiVersion: v1
kind: ServiceAccount
metadata:
  labels:
    app.kubernetes.io/name: espejote:sa-in-spec
    managedresource.espejote.io/name: with-sa-in-spec
  name: espejote:sa-in-spec
  namespace: syn-espejote
