apiVersion: espejote.io/v1alpha1
kind: ManagedResource
metadata:
  labels:
    app.kubernetes.io/name: copy-secret
  name: copy-secret
  namespace: my-namespace
spec:
  foo: bar
  serviceAccountRef:
    name: copy-configmap
---
apiVersion: v1
kind: ServiceAccount
metadata:
  labels:
    app.kubernetes.io/name: espejote:copy-configmap
    managedresource.espejote.io/name: copy-secret
  name: espejote:copy-configmap
  namespace: my-namespace
---
apiVersion: rbac.authorization.k8s.io/v1
kind: ClusterRoleBinding
metadata:
  labels:
    app.kubernetes.io/name: espejote:my-namespace:copy-secret:bddb4706a000e4d
    managedresource.espejote.io/name: copy-secret
    managedresource.espejote.io/namespace: my-namespace
  name: espejote:my-namespace:copy-secret:bddb4706a000e4d
roleRef:
  apiGroup: rbac.authorization.k8s.io
  kind: ClusterRole
  name: cluster-admin
subjects:
  - kind: ServiceAccount
    name: espejote:copy-configmap
    namespace: my-namespace
---
apiVersion: rbac.authorization.k8s.io/v1
kind: RoleBinding
metadata:
  labels:
    app.kubernetes.io/name: espejote:my-namespace:copy-secret:cd1cbeae62e7f95
    managedresource.espejote.io/name: copy-secret
  name: espejote:my-namespace:copy-secret:cd1cbeae62e7f95
roleRef:
  apiGroup: rbac.authorization.k8s.io
  kind: Role
  name: admin
subjects:
  - kind: ServiceAccount
    name: espejote:copy-configmap
    namespace: my-namespace
---
apiVersion: rbac.authorization.k8s.io/v1
kind: RoleBinding
metadata:
  labels:
    app.kubernetes.io/name: espejote:my-namespace:copy-secret:cd1cbeae62e7f95
    managedresource.espejote.io/name: copy-secret
  name: espejote:my-namespace:copy-secret:cd1cbeae62e7f95
roleRef:
  apiGroup: rbac.authorization.k8s.io
  kind: Role
  name: argocd-manager
subjects:
  - kind: ServiceAccount
    name: espejote:copy-configmap
    namespace: my-namespace
