apiVersion: espejote.io/v1alpha1
kind: ManagedResource
metadata:
  labels:
    app.kubernetes.io/name: copy-configmap
  name: copy-configmap
  namespace: my-namespace
spec:
  foo: bar
  serviceAccountRef:
    name: espejote:copy-configmap
---
apiVersion: v1
kind: ServiceAccount
metadata:
  labels:
    app.kubernetes.io/name: espejote:copy-configmap
    managedresource.espejote.io/name: copy-configmap
  name: espejote:copy-configmap
  namespace: my-namespace
---
apiVersion: rbac.authorization.k8s.io/v1
kind: ClusterRole
metadata:
  labels:
    app.kubernetes.io/name: espejote:my-namespace:copy-configmap:93567fdc30ec585
    managedresource.espejote.io/name: copy-configmap
    managedresource.espejote.io/namespace: my-namespace
  name: espejote:my-namespace:copy-configmap:93567fdc30ec585
rules:
  - apiGroups:
      - ''
    resources:
      - namespace
    verbs:
      - list
---
apiVersion: rbac.authorization.k8s.io/v1
kind: ClusterRoleBinding
metadata:
  labels:
    app.kubernetes.io/name: espejote:my-namespace:copy-configmap:e8b806ce7f3c53c
    managedresource.espejote.io/name: copy-configmap
    managedresource.espejote.io/namespace: my-namespace
  name: espejote:my-namespace:copy-configmap:e8b806ce7f3c53c
roleRef:
  apiGroup: rbac.authorization.k8s.io
  kind: ClusterRole
  name: espejote:my-namespace:copy-configmap:93567fdc30ec585
subjects:
  - kind: ServiceAccount
    name: espejote:copy-configmap
    namespace: my-namespace
---
apiVersion: rbac.authorization.k8s.io/v1
kind: Role
metadata:
  labels:
    app.kubernetes.io/name: espejote:copy-configmap:8cf42683df3ec0c
    managedresource.espejote.io/name: copy-configmap
  name: espejote:copy-configmap:8cf42683df3ec0c
  namespace: my-namespace
rules:
  - apiGroups:
      - ''
    resources:
      - configmap
    verbs:
      - create
      - get
      - list
---
apiVersion: rbac.authorization.k8s.io/v1
kind: RoleBinding
metadata:
  labels:
    app.kubernetes.io/name: espejote:copy-configmap:81e422fa40105dc
    managedresource.espejote.io/name: copy-configmap
  name: espejote:copy-configmap:81e422fa40105dc
  namespace: my-namespace
roleRef:
  apiGroup: rbac.authorization.k8s.io
  kind: Role
  name: espejote:copy-configmap:8cf42683df3ec0c
subjects:
  - kind: ServiceAccount
    name: espejote:copy-configmap
    namespace: my-namespace
