apiVersion: rbac.authorization.k8s.io/v1
kind: ServiceAccount
metadata:
  labels:
    app.kubernetes.io/name: copy-configmap
  name: copy-configmap
  namespace: my-namespace
---
apiVersion: rbac.authorization.k8s.io/v1
kind: ServiceAccount
metadata:
  labels:
    app.kubernetes.io/name: sa-with
  name: sa-with
  namespace: syn-espejote
---
apiVersion: rbac.authorization.k8s.io/v1
kind: ServiceAccount
metadata:
  labels:
    app.kubernetes.io/name: sa-in-spec
  name: sa-in-spec
  namespace: syn-espejote
---
apiVersion: rbac.authorization.k8s.io/v1
kind: ServiceAccount
metadata:
  labels:
    app.kubernetes.io/name: without-sa
  name: without-sa
  namespace: syn-espejote
