apiVersion: rbac.authorization.k8s.io/v1
kind: Role
metadata:
  labels:
    app.kubernetes.io/name: espejote-5b2dbef19444c7130432a9cf093bc7de
  name: espejote-5b2dbef19444c7130432a9cf093bc7de
  namespace: my-namespace
rules:
  - apiGroups:
      - ''
    resources:
      - configmap
    verbs:
      - create
      - get
      - list
