apiVersion: rbac.authorization.k8s.io/v1
kind: RoleBinding
metadata:
  labels:
    app.kubernetes.io/name: espejote-e65f3dfe2ed7dfa87bc6cdd633e422ad
  name: espejote-e65f3dfe2ed7dfa87bc6cdd633e422ad
  namespace: my-namespace
roleRef:
  apiGroup: rbac.authorization.k8s.io
  kind: Role
  name: espejote-5b2dbef19444c7130432a9cf093bc7de
subjects:
  - kind: ServiceAccount
    name: copy-configmap
    namespace: my-namespace
---
apiVersion: rbac.authorization.k8s.io/v1
kind: RoleBinding
metadata:
  labels:
    app.kubernetes.io/name: espejote-7fcd8e9294a279291178cdd6cced04dd
  name: espejote-7fcd8e9294a279291178cdd6cced04dd
  namespace: my-namespace
roleRef:
  apiGroup: rbac.authorization.k8s.io
  kind: ClusterRole
  name: cluster-admin
subjects:
  - kind: ServiceAccount
    name: copy-configmap
    namespace: my-namespace
---
apiVersion: rbac.authorization.k8s.io/v1
kind: RoleBinding
metadata:
  labels:
    app.kubernetes.io/name: espejote-6c13699b9a594af9a5969dcc31639622
  name: espejote-6c13699b9a594af9a5969dcc31639622
  namespace: my-namespace
roleRef:
  apiGroup: rbac.authorization.k8s.io
  kind: Role
  name: admin
subjects:
  - kind: ServiceAccount
    name: copy-configmap
    namespace: my-namespace
---
apiVersion: rbac.authorization.k8s.io/v1
kind: RoleBinding
metadata:
  labels:
    app.kubernetes.io/name: espejote-7a4fe530822aeb307ca6547321e5b87f
  name: espejote-7a4fe530822aeb307ca6547321e5b87f
  namespace: my-namespace
roleRef:
  apiGroup: rbac.authorization.k8s.io
  kind: Role
  name: argocd-manager
subjects:
  - kind: ServiceAccount
    name: copy-configmap
    namespace: my-namespace
