apiVersion: v1
kind: Namespace
metadata:
  annotations: {}
  labels:
    app.kubernetes.io/name: syn-espejote
    name: syn-espejote
  name: syn-espejote
