apiVersion: cert-manager.io/v1
kind: Certificate
metadata:
  labels:
    app.kubernetes.io/managed-by: kustomize
    app.kubernetes.io/name: espejote
  name: espejote-serving-cert
  namespace: syn-espejote
spec:
  dnsNames:
  - espejote-webhook-service.syn-espejote.svc
  - espejote-webhook-service.syn-espejote.svc.cluster.local
  issuerRef:
    kind: Issuer
    name: espejote-selfsigned-issuer
  secretName: webhook-server-cert
