apiVersion: monitoring.coreos.com/v1
kind: ServiceMonitor
metadata:
  labels:
    app.kubernetes.io/component: metrics
    app.kubernetes.io/created-by: espejote
    app.kubernetes.io/instance: controller-manager-metrics-monitor
    app.kubernetes.io/managed-by: kustomize
    app.kubernetes.io/name: servicemonitor
    app.kubernetes.io/part-of: espejote
    control-plane: controller-manager
  name: espejote-controller-manager-metrics-monitor
  namespace: syn-espejote
spec:
  endpoints:
  - bearerTokenFile: /var/run/secrets/kubernetes.io/serviceaccount/token
    path: /metrics
    port: https
    scheme: https
    tlsConfig:
      ca:
        secret:
          key: ca.crt
          name: metrics-server-cert
      cert:
        secret:
          key: tls.crt
          name: metrics-server-cert
      insecureSkipVerify: false
      keySecret:
        key: tls.key
        name: metrics-server-cert
      serverName: espejote-controller-manager-metrics-service.syn-espejote.svc
  selector:
    matchLabels:
      control-plane: controller-manager
